<html>
<body>
<pre>
<h1>µVision Build Log</h1>
<h2>Tool Versions:</h2>
IDE-Version: ¦ÌVision V5.26.2.0
Copyright (C) 2018 ARM Ltd and ARM Germany GmbH. All rights reserved.
License Information: c j, fc1, LIC=X9630-BZ5P7-4SUY4-FDDEI-D5AI7-3ATRP
 
Tool Versions:
Toolchain:       MDK-ARM Plus  Version: 5.26.2.0
Toolchain Path:  D:\Keil_v5\ARM\ARMCC\Bin
C Compiler:      Armcc.exe V5.06 update 6 (build 750)
Assembler:       Armasm.exe V5.06 update 6 (build 750)
Linker/Locator:  ArmLink.exe V5.06 update 6 (build 750)
Library Manager: ArmAr.exe V5.06 update 6 (build 750)
Hex Converter:   FromElf.exe V5.06 update 6 (build 750)
CPU DLL:         SARMCM3.DLL V5.26.2.0
Dialog DLL:      DCM.DLL V1.17.2.0
Target DLL:      Segger\JL2CM3.dll V2.99.31.0
Dialog DLL:      TCM.DLL V1.36.1.0
 
<h2>Project:</h2>
C:\Users\chen\Desktop\Onboard-SDK\Onboard-SDK1.5.5-testOk\sample\STM32\OnBoardSDK_STM32\Project\OnBoardSDK_STM32.uvprojx
Project File Date:  04/01/2019

<h2>Output:</h2>
*** Using Compiler 'V5.06 update 6 (build 750)', folder: 'D:\Keil_v5\ARM\ARMCC\Bin'
*** Warning: You are compiling one or more files of source type C++ and have selected 'use MicroLIB'. MicroLIB does not support C++!
  
Build target 'DJI_LIB'
compiling rtc.cpp...
linking...
Program Size: Code=157788 RO-data=198904 RW-data=1620 ZI-data=41564  
FromELF: creating hex file...
".\Objects\osdk_stm32.axf" - 0 Error(s), 0 Warning(s).

<h2>Software Packages used:</h2>

Package Vendor: ARM
                http://www.keil.com/pack/ARM.CMSIS.5.4.0.pack
                ARM.CMSIS.5.4.0
                CMSIS (Cortex Microcontroller Software Interface Standard)
   * Component: CORE Version: 5.1.2
   * Component: DSP Version: 1.5.2

Package Vendor: Keil
                http://www.keil.com/pack/Keil.STM32F4xx_DFP.2.13.0.pack
                Keil.STM32F4xx_DFP.2.13.0
                STMicroelectronics STM32F4 Series Device Support, Drivers and Examples

<h2>Collection of Component include folders:</h2>
  .\RTE\_DJI_LIB
  D:\Keil_v5\ARM\PACK\ARM\CMSIS\5.4.0\CMSIS\Core\Include
  D:\Keil_v5\ARM\PACK\ARM\CMSIS\5.4.0\CMSIS\DSP\Include
  D:\Keil_v5\ARM\PACK\Keil\STM32F4xx_DFP\2.13.0\Drivers\CMSIS\Device\ST\STM32F4xx\Include

<h2>Collection of Component Files used:</h2>

   * Component: ARM::CMSIS:CORE:5.1.2

   * Component: ARM::CMSIS:DSP:1.5.2
      Include file:  CMSIS\DSP\Include\arm_math.h
      Library file:  CMSIS\Lib\ARM\arm_cortexM4lf_math.lib
Build Time Elapsed:  00:00:04
</pre>
</body>
</html>
